2026-07-13 23:29:00  ============================================================
2026-07-13 23:29:00  paper trading start | SL 15% of margin | exit next day 15:15
2026-07-13 23:29:02  warm-up spot: 1875 bars (2026-07-06 09:15:00 -> 2026-07-10 15:29:00)
2026-07-13 23:29:02  trading expiry 2026-07-14, lot 65
2026-07-13 23:29:02  day done. open position: False (state saved; run again tomorrow)
2026-07-14 11:53:29  ============================================================
2026-07-14 11:53:29  paper trading start | SL 15% of margin | exit next day 15:15
2026-07-14 11:53:31  warm-up spot: 2250 bars (2026-07-06 09:15:00 -> 2026-07-13 15:29:00)
2026-07-14 11:53:31  trading expiry 2026-07-14, lot 65
2026-07-14 11:56:24  OPENED bear_call: sell 24100CE @ 34.95, buy 24500CE @ 0.60, credit 34.35, margin 23,767, SL 3,565, exit 2026-07-14 15:15
2026-07-14 15:15:09  CLOSED bear_call 24100/24500 (TIME) net 2,129
2026-07-14 15:30:22  day done. open position: False (state saved; run again tomorrow)
2026-07-15 11:57:17  ============================================================
2026-07-15 11:57:17  paper trading start | SL 15% of margin | exit next day 15:15
2026-07-15 11:57:19  warm-up spot: 2625 bars (2026-07-06 09:15:00 -> 2026-07-14 15:29:00)
2026-07-15 11:57:19  trading expiry 2026-07-21, lot 65
2026-07-15 12:17:22  OPENED bull_put: sell 24200PE @ 161.55, buy 23800PE @ 40.15, credit 121.40, margin 18,109, SL 2,716, exit 2026-07-16 15:15
2026-07-15 12:56:08  SL hit: MTM -2,941 <= -2,716
2026-07-15 12:56:10  CLOSED bull_put 24200/23800 (SL) net -3,061
2026-07-15 13:03:24  OPENED bull_put: sell 24050PE @ 167.05, buy 23650PE @ 42.35, credit 124.70, margin 17,894, SL 2,684, exit 2026-07-16 15:15
2026-07-15 15:30:08  day done. open position: True (state saved; run again tomorrow)
2026-07-16 12:00:14  ============================================================
2026-07-16 12:00:14  paper trading start | SL 15% of margin | exit next day 15:15
2026-07-16 12:00:16  warm-up spot: 2625 bars (2026-07-07 09:15:00 -> 2026-07-15 15:29:00)
2026-07-16 12:00:16  trading expiry 2026-07-21, lot 65
2026-07-16 12:00:16  restored open position: bull_put 24050/23650
2026-07-16 15:15:09  CLOSED bull_put 24050/23650 (TIME) net 1,919
2026-07-16 15:30:19  day done. open position: False (state saved; run again tomorrow)
2026-07-16 22:39:18  ============================================================
2026-07-16 22:39:18  paper trading start | SL 15% of margin | exit next day 15:15
2026-07-16 22:39:19  warm-up spot: 2625 bars (2026-07-07 09:15:00 -> 2026-07-15 15:29:00)
2026-07-16 22:39:19  trading expiry 2026-07-21, lot 65
2026-07-16 22:39:19  day done. open position: False (state saved; run again tomorrow)
2026-07-17 11:01:10  ============================================================
2026-07-17 11:01:10  paper trading start | SL 15% of margin | exit next day 15:15
2026-07-17 11:01:11  warm-up spot: 2625 bars (2026-07-08 09:15:00 -> 2026-07-16 15:29:00)
2026-07-17 11:01:11  trading expiry 2026-07-21, lot 65
2026-07-17 11:10:26  OPENED bear_call: sell 24250CE @ 108.60, buy 24650CE @ 9.90, credit 98.70, margin 19,584, SL 2,938, exit 2026-07-18 15:15
2026-07-17 14:16:08  SL hit: MTM -3,257 <= -2,938
2026-07-17 14:16:10  CLOSED bear_call 24250/24650 (SL) net -2,968
2026-07-17 15:30:24  day done. open position: False (state saved; run again tomorrow)
2026-07-20 01:32:34  warm-up spot: 1875 bars (2026-07-13 09:15:00 -> 2026-07-17 15:29:00)
2026-07-20 01:32:34  trading expiry 2026-07-21, lot 65
2026-07-20 09:10:09  ============================================================
2026-07-20 09:10:09  paper trading start | SL 15% of margin | exit next day 15:00
2026-07-20 09:10:10  warm-up spot: 1875 bars (2026-07-13 09:15:00 -> 2026-07-17 15:29:00)
2026-07-20 09:10:10  trading expiry 2026-07-21, lot 65
2026-07-20 09:16:08  ERROR: Can only use .dt accessor with datetimelike values
2026-07-20 10:18:26  OPENED bull_put: sell 24200PE @ 83.55, buy 23800PE @ 6.80, credit 76.75, margin 21,011, SL 3,152, exit 2026-07-21 15:00
2026-07-20 15:30:08  day done. open position: True (state saved; run again tomorrow)
2026-07-21 09:10:13  ============================================================
2026-07-21 09:10:13  paper trading start | SL 15% of margin | exit next day 15:00
2026-07-21 09:10:14  warm-up spot: 2250 bars (2026-07-13 09:15:00 -> 2026-07-20 15:29:00)
2026-07-21 09:10:14  trading expiry 2026-07-21, lot 65
2026-07-21 09:10:14  restored open position: bull_put 24200/23800
2026-07-21 15:00:09  CLOSED bull_put 24200/23800 (TIME) net 3,283
2026-07-21 15:30:17  day done. open position: False (state saved; run again tomorrow)
2026-07-22 09:10:10  ============================================================
2026-07-22 09:10:10  paper trading start | SL 15% of margin | exit next day 15:00
2026-07-22 09:10:11  warm-up spot: 2625 bars (2026-07-13 09:15:00 -> 2026-07-21 15:29:00)
2026-07-22 09:10:11  trading expiry 2026-07-28, lot 65
2026-07-22 09:16:08  ERROR: Can only use .dt accessor with datetimelike values
2026-07-22 10:16:24  OPENED bear_call: sell 24050CE @ 142.95, buy 24450CE @ 27.75, credit 115.20, margin 18,512, SL 2,777, exit 2026-07-23 15:00
2026-07-22 15:30:08  day done. open position: True (state saved; run again tomorrow)
2026-07-22 19:59:43  warm-up spot: 2625 bars (2026-07-13 09:15:00 -> 2026-07-21 15:29:00)
2026-07-22 19:59:43  trading expiry 2026-07-28, lot 65
2026-07-23 09:10:13  ============================================================
2026-07-23 09:10:13  paper trading start | SL 15% of margin | exit next day 15:00
2026-07-23 09:10:14  warm-up spot: 2625 bars (2026-07-14 09:15:00 -> 2026-07-22 15:29:00)
2026-07-23 09:10:14  trading expiry 2026-07-28, lot 65
2026-07-23 09:10:14  restored open position: bear_call 24050/24450
2026-07-23 15:00:09  CLOSED bear_call 24050/24450 (TIME) net 4,647
2026-07-23 15:30:26  day done. open position: False (state saved; run again tomorrow)
2026-07-24 09:10:14  ============================================================
2026-07-24 09:10:14  paper trading start | SL 15% of margin | exit next day 15:00
2026-07-24 09:10:15  warm-up spot: 2625 bars (2026-07-15 09:15:00 -> 2026-07-23 15:29:00)
2026-07-24 09:10:15  trading expiry 2026-07-28, lot 65
2026-07-24 09:16:08  ERROR: Can only use .dt accessor with datetimelike values
2026-07-24 10:41:33  OPENED bull_put: sell 23650PE @ 123.10, buy 23250PE @ 23.60, credit 99.50, margin 19,532, SL 2,930, exit 2026-07-25 15:00
2026-07-24 15:30:08  day done. open position: True (state saved; run again tomorrow)
2026-07-24 20:48:01  NSE holiday calendar loaded (16 closed days)
2026-07-27 09:10:06  ============================================================
2026-07-27 09:10:06  paper trading start | SL 15% of margin | exit next day 15:00
2026-07-27 09:10:07  warm-up spot: 1875 bars (2026-07-20 09:15:00 -> 2026-07-24 15:29:00)
2026-07-27 09:10:07  trading expiry 2026-07-28, lot 65
2026-07-27 09:10:07  restored open position: bull_put 23650/23250
2026-07-27 15:00:09  CLOSED bull_put 23650/23250 (TIME) net 6,172
2026-07-27 15:30:28  day done. open position: False (state saved; run again tomorrow)
2026-07-28 09:10:15  ============================================================
2026-07-28 09:10:15  paper trading start | SL 15% of margin | exit next day 15:00
2026-07-28 09:10:17  warm-up spot: 2250 bars (2026-07-20 09:15:00 -> 2026-07-27 15:29:00)
2026-07-28 09:10:17  trading expiry 2026-07-28, lot 65
2026-07-28 09:10:17  holding 0/2 positions
2026-07-28 09:16:08  ERROR: loop of ufunc does not support argument 0 of type float which has no callable rint method
2026-07-28 10:23:31  OPENED bear_call (1/2): sell 24000CE @ 31.00, buy 24400CE @ 0.95, credit 30.05, margin 24,047, SL 3,607, exit 2026-07-28 15:00
2026-07-28 10:34:32  OPENED bull_put (2/2): sell 24000PE @ 34.75, buy 23600PE @ 1.05, credit 33.70, margin 23,810, SL 3,571, exit 2026-07-28 15:00
2026-07-28 15:00:08  CLOSED bear_call 24000/24400 (TIME) net 1,583
2026-07-28 15:00:09  CLOSED bull_put 24000/23600 (TIME) net -264
2026-07-28 15:30:19  day done. open positions: 0/2 (state saved; run again tomorrow)
2026-07-29 09:10:16  ============================================================
2026-07-29 09:10:16  paper trading start | SL 15% of margin | exit next day 15:00
2026-07-29 09:10:17  warm-up spot: 2625 bars (2026-07-20 09:15:00 -> 2026-07-28 15:29:00)
2026-07-29 09:10:17  trading expiry 2026-08-04, lot 65
2026-07-29 09:10:17  holding 0/2 positions
2026-07-29 09:16:26  no intraday candles yet (holiday or feed delay?)
2026-07-29 10:31:27  NSE holiday calendar loaded (16 closed days)
2026-07-29 10:31:27  OPENED bear_call (1/2): sell 24200CE @ 146.85, buy 24600CE @ 18.25, credit 128.60, margin 17,641, SL 2,646, exit 2026-07-30 15:00
2026-07-29 10:48:27  OPENED bear_call (2/2): sell 24200CE @ 139.80, buy 24600CE @ 16.80, credit 123.00, margin 18,005, SL 2,701, exit 2026-07-30 15:00
2026-07-29 15:30:09  day done. open positions: 2/2 (state saved; run again tomorrow)
2026-07-29 21:18:00  CLOSED bear_call 24200/24600 (TIME) net 829
2026-07-29 21:18:00  CLOSED bear_call 24200/24600 (TIME) net 466
2026-07-29 21:18:59  NSE holiday calendar loaded (16 closed days)
2026-07-29 21:19:02  warm-up spot: 2625 bars (2026-07-20 09:15:00 -> 2026-07-28 15:29:00)
2026-07-29 21:19:02  trading expiry 2026-08-04, lot 65
2026-07-30 09:10:14  ============================================================
2026-07-30 09:10:14  paper trading start | SL 15% of margin | exit next day 15:00
2026-07-30 09:10:15  warm-up spot: 2625 bars (2026-07-21 09:15:00 -> 2026-07-29 15:29:00)
2026-07-30 09:10:15  trading expiry 2026-08-04, lot 65
2026-07-30 09:10:16  NSE holiday calendar loaded (16 closed days)
2026-07-30 09:10:16  restored open position: bear_call 24200/24600
2026-07-30 09:10:16  restored open position: bear_call 24200/24600
2026-07-30 09:10:16  holding 2/2 positions
2026-07-30 12:34:08  SL hit 24200/24600: MTM -2,935 <= -2,646
2026-07-30 12:34:08  CLOSED bear_call 24200/24600 (SL) net -3,058
2026-07-30 12:34:09  SL hit 24200/24600: MTM -3,257 <= -2,701
2026-07-30 12:34:09  CLOSED bear_call 24200/24600 (SL) net -3,379
2026-07-30 12:40:26  OPENED bear_call (1/2): sell 24300CE @ 114.50, buy 24700CE @ 7.35, credit 107.15, margin 19,035, SL 2,855, exit 2026-07-31 15:00
2026-07-30 13:01:27  OPENED bear_call (2/2): sell 24300CE @ 103.65, buy 24700CE @ 6.35, credit 97.30, margin 19,676, SL 2,951, exit 2026-07-31 15:00
2026-07-30 15:30:09  day done. open positions: 2/2 (state saved; run again tomorrow)
2026-07-30 22:59:00  CLOSED bear_call 24300/24700 (TIME) net 818
2026-07-30 22:59:00  CLOSED bear_call 24300/24700 (TIME) net 178
2026-07-30 22:59:00  NSE holiday calendar loaded (16 closed days)
2026-07-30 22:59:02  warm-up spot: 2625 bars (2026-07-21 09:15:00 -> 2026-07-29 15:29:00)
2026-07-30 22:59:02  trading expiry 2026-08-04, lot 65
2026-07-31 09:10:15  ============================================================
2026-07-31 09:10:15  paper trading start | SL 15% of margin | exit next day 15:00
2026-07-31 09:10:16  warm-up spot: 2625 bars (2026-07-22 09:15:00 -> 2026-07-30 15:29:00)
2026-07-31 09:10:16  trading expiry 2026-08-04, lot 65
2026-07-31 09:10:17  NSE holiday calendar loaded (16 closed days)
2026-07-31 09:10:17  restored open position: bear_call 24300/24700
2026-07-31 09:10:17  restored open position: bear_call 24300/24700
2026-07-31 09:10:17  holding 2/1 positions
2026-07-31 12:40:09  SL hit 24300/24700: MTM -3,045 <= -2,951
2026-07-31 12:40:09  CLOSED bear_call 24300/24700 (SL) net -3,161
2026-07-31 12:57:08  SL hit 24300/24700: MTM -2,873 <= -2,855
2026-07-31 12:57:08  CLOSED bear_call 24300/24700 (SL) net -2,990
2026-07-31 12:58:21  OPENED bull_put (1/1): sell 24400PE @ 88.80, buy 24000PE @ 12.70, credit 76.10, margin 21,054, SL 3,158, exit 2026-08-03 15:00
2026-07-31 15:30:08  day done. open positions: 1/1 (state saved; run again tomorrow)
2026-08-03 09:10:13  ============================================================
2026-08-03 09:10:13  paper trading start | SL 15% of margin | exit next day 15:00
2026-08-03 09:10:14  warm-up spot: 1875 bars (2026-07-27 09:15:00 -> 2026-07-31 15:29:00)
2026-08-03 09:10:14  trading expiry 2026-08-04, lot 65
2026-08-03 09:10:16  NSE holiday calendar loaded (16 closed days)
2026-08-03 09:10:16  restored open position: bull_put 24400/24000
2026-08-03 09:10:16  holding 1/1 positions
2026-08-03 15:00:08  CLOSED bull_put 24400/24000 (TIME) net 4,232
2026-08-03 15:30:28  day done. open positions: 0/1 (state saved; run again tomorrow)
2026-08-04 09:10:03  ============================================================
2026-08-04 09:10:03  paper trading start | SL 15% of margin | exit next day 15:00
2026-08-04 09:10:05  warm-up spot: 2250 bars (2026-07-27 09:15:00 -> 2026-08-03 15:29:00)
2026-08-04 09:10:05  trading expiry 2026-08-04, lot 65
2026-08-04 09:10:06  NSE holiday calendar loaded (16 closed days)
2026-08-04 09:10:06  holding 0/1 positions
2026-08-04 10:19:28  OPENED bull_put (1/1): sell 24600PE @ 31.20, buy 24200PE @ 1.00, credit 30.20, margin 24,037, SL 3,606, exit 2026-08-04 15:00
2026-08-04 11:59:08  SL hit 24600/24200: MTM -3,611 <= -3,606
2026-08-04 11:59:08  CLOSED bull_put 24600/24200 (SL) net -3,717
2026-08-04 12:02:28  OPENED bear_call (1/1): sell 24500CE @ 52.80, buy 24900CE @ 1.05, credit 51.75, margin 22,636, SL 3,395, exit 2026-08-04 15:00
2026-08-04 15:00:08  CLOSED bear_call 24500/24900 (TIME) net 689
2026-08-04 15:30:24  day done. open positions: 0/1 (state saved; run again tomorrow)
2026-08-05 09:10:16  ============================================================
2026-08-05 09:10:16  paper trading start | SL 15% of margin | exit next day 15:00
2026-08-05 09:10:17  warm-up spot: 2625 bars (2026-07-27 09:15:00 -> 2026-08-04 15:29:00)
2026-08-05 09:10:17  trading expiry 2026-08-11, lot 65
2026-08-05 09:10:18  NSE holiday calendar loaded (16 closed days)
2026-08-05 09:10:18  holding 0/1 positions
2026-08-05 10:29:24  OPENED bear_call (1/1): sell 24600CE @ 155.95, buy 25000CE @ 25.05, credit 130.90, margin 17,492, SL 2,624, exit 2026-08-06 15:00
2026-08-05 15:30:08  day done. open positions: 1/1 (state saved; run again tomorrow)
2026-08-06 09:10:05  ============================================================
2026-08-06 09:10:05  paper trading start | SL 15% of margin | exit next day 15:00
2026-08-06 09:10:06  warm-up spot: 2625 bars (2026-07-28 09:15:00 -> 2026-08-05 15:29:00)
2026-08-06 09:10:06  trading expiry 2026-08-11, lot 65
2026-08-06 09:10:07  NSE holiday calendar loaded (16 closed days)
2026-08-06 09:10:07  restored open position: bear_call 24600/25000
2026-08-06 09:10:07  holding 1/1 positions
2026-08-06 15:00:08  CLOSED bear_call 24600/25000 (TIME) net -1,150
2026-08-06 15:30:17  day done. open positions: 0/1 (state saved; run again tomorrow)
2026-08-07 09:10:11  ============================================================
2026-08-07 09:10:11  paper trading start | SL 15% of margin | exit next day 15:00
2026-08-07 09:10:13  warm-up spot: 2625 bars (2026-07-29 09:15:00 -> 2026-08-06 15:29:00)
2026-08-07 09:10:13  trading expiry 2026-08-11, lot 65
2026-08-07 09:10:14  NSE holiday calendar loaded (16 closed days)
2026-08-07 09:10:14  holding 0/1 positions
2026-08-07 09:16:26  waiting for the session's first candle (normal at open)
2026-08-07 10:20:19  OPENED bear_call (1/1): sell 24550CE @ 156.25, buy 24950CE @ 23.80, credit 132.45, margin 17,391, SL 2,609, exit 2026-08-10 15:00
